========================================================
  Policy Gradient Training via torchrun (sequential)
========================================================
MLRunX API: http://itiger:3001
MLRunX Project: policy-gradients
MLRunX Spool Dir: /project/inniang/MLRunX/.mlrunx/spool/slurm-35338
MLRUNX_OFFLINE: false
NNODES: 1
NPROC_PER_NODE: 8
MAX_NPROC_PER_NODE: 8
WORLD_SIZE: 8
MASTER_ADDR: itiger01
MASTER_PORT: 29500
SLURM_CPUS_PER_TASK: 40
TARGET_CPUS_PER_RANK: 2
OMP_NUM_THREADS: 5
CUDA_VISIBLE_DEVICES: 0,1,2,3,4,5,6,7

Algorithms: RLOO PPO GRPO Dr.GRPO GSPO CISPO REINFORCE

========================================================
[1/7] Starting RLOO with torchrun
========================================================
Using attention implementation: sdpa
torchrun detected: world_size=8, rank=0, local_rank=0
╭─────────────────────────────── Configuration ────────────────────────────────╮
│ Model: Qwen3ForCausalLM(                                                     │
│   (model): Qwen3Model(                                                       │
│     (embed_tokens): Embedding(151936, 2048)                                  │
│     (layers): ModuleList(                                                    │
│       (0-27): 28 x Qwen3DecoderLayer(                                        │
│         (self_attn): Qwen3Attention(                                         │
│           (q_proj): Linear(in_features=2048, out_features=2048, bias=False)  │
│           (k_proj): Linear(in_features=2048, out_features=1024, bias=False)  │
│           (v_proj): Linear(in_features=2048, out_features=1024, bias=False)  │
│           (o_proj): Linear(in_features=2048, out_features=2048, bias=False)  │
│           (q_norm): Qwen3RMSNorm((128,), eps=1e-06)                          │
│           (k_norm): Qwen3RMSNorm((128,), eps=1e-06)                          │
│         )                                                                    │
│         (mlp): Qwen3MLP(                                                     │
│           (gate_proj): Linear(in_features=2048, out_features=6144,           │
│ bias=False)                                                                  │
│           (up_proj): Linear(in_features=2048, out_features=6144, bias=False) │
│           (down_proj): Linear(in_features=6144, out_features=2048,           │
│ bias=False)                                                                  │
│           (act_fn): SiLUActivation()                                         │
│         )                                                                    │
│         (input_layernorm): Qwen3RMSNorm((2048,), eps=1e-06)                  │
│         (post_attention_layernorm): Qwen3RMSNorm((2048,), eps=1e-06)         │
│       )                                                                      │
│     )                                                                        │
│     (norm): Qwen3RMSNorm((2048,), eps=1e-06)                                 │
│     (rotary_emb): Qwen3RotaryEmbedding()                                     │
│   )                                                                          │
│   (lm_head): Linear(in_features=2048, out_features=151936, bias=False)       │
│ )                                                                            │
│ Parameters: 2,031,739,904                                                    │
│ Device: cuda:0                                                               │
╰──────────────────────────────────────────────────────────────────────────────╯
SUCCESS Step 1/31 | Time: 42.18s | Loss: -0.0092 | Reward: 0.8324 | Throughput: 2172.5 tokens/s | Seq. Length: 330.1 tokens/sample | Async Level: 4.00 | Max. Off-Policy Level: 0.2922
SUCCESS Step 2/31 | Time: 41.05s | Loss: -0.0032 | Reward: 0.9269 | Throughput: 2548.0 tokens/s | Seq. Length: 374.2 tokens/sample | Async Level: 4.00 | Max. Off-Policy Level: 0.0164
SUCCESS Step 3/31 | Time: 41.13s | Loss: -0.0022 | Reward: 1.0962 | Throughput: 2272.1 tokens/s | Seq. Length: 338.4 tokens/sample | Async Level: 4.00 | Max. Off-Policy Level: 0.0028
SUCCESS Step 4/31 | Time: 40.69s | Loss: -0.0023 | Reward: 1.0893 | Throughput: 2332.8 tokens/s | Seq. Length: 344.3 tokens/sample | Async Level: 4.00 | Max. Off-Policy Level: 0.0025
SUCCESS Step 5/31 | Time: 39.44s | Loss: -0.0028 | Reward: 1.1556 | Throughput: 2294.1 tokens/s | Seq. Length: 325.0 tokens/sample | Async Level: 4.00 | Max. Off-Policy Level: 0.0028
SUCCESS Step 6/31 | Time: 40.18s | Loss: -0.0020 | Reward: 1.1472 | Throughput: 2107.0 tokens/s | Seq. Length: 305.1 tokens/sample | Async Level: 4.00 | Max. Off-Policy Level: 0.0265
SUCCESS Step 7/31 | Time: 37.51s | Loss: -0.0019 | Reward: 1.2280 | Throughput: 2119.0 tokens/s | Seq. Length: 287.0 tokens/sample | Async Level: 4.00 | Max. Off-Policy Level: 0.0032
SUCCESS Step 8/31 | Time: 41.09s | Loss: -0.0019 | Reward: 1.1974 | Throughput: 1970.7 tokens/s | Seq. Length: 291.1 tokens/sample | Async Level: 4.00 | Max. Off-Policy Level: 0.0027
SUCCESS Step 9/31 | Time: 37.13s | Loss: -0.0015 | Reward: 1.1538 | Throughput: 2098.2 tokens/s | Seq. Length: 277.8 tokens/sample | Async Level: 4.00 | Max. Off-Policy Level: 0.0018
